../Core/Src/main.c:83:5:main	16	static
../Core/Src/main.c:193:6:SystemClock_Config	88	static
../Core/Src/main.c:234:13:MX_ADC1_Init	24	static
../Core/Src/main.c:293:13:MX_I2C1_Init	8	static
../Core/Src/main.c:341:13:MX_TIM1_Init	120	static
../Core/Src/main.c:423:13:MX_TIM3_Init	40	static
../Core/Src/main.c:468:13:MX_GPIO_Init	48	static
../Core/Src/main.c:501:6:HAL_TIM_PeriodElapsedCallback	16	static
../Core/Src/main.c:509:6:HAL_I2C_ErrorCallback	16	static
../Core/Src/main.c:520:6:Error_Handler	8	static,ignoring_inline_asm
