../Core/Src/stm32g0xx_it.c:71:6:NMI_Handler	8	static
../Core/Src/stm32g0xx_it.c:86:6:HardFault_Handler	8	static
../Core/Src/stm32g0xx_it.c:101:6:SVC_Handler	8	static
../Core/Src/stm32g0xx_it.c:114:6:PendSV_Handler	8	static
../Core/Src/stm32g0xx_it.c:127:6:SysTick_Handler	8	static
../Core/Src/stm32g0xx_it.c:148:6:FLASH_IRQHandler	8	static
../Core/Src/stm32g0xx_it.c:162:6:RCC_IRQHandler	8	static
../Core/Src/stm32g0xx_it.c:175:6:TIM1_BRK_UP_TRG_COM_IRQHandler	8	static
../Core/Src/stm32g0xx_it.c:189:6:TIM1_CC_IRQHandler	8	static
../Core/Src/stm32g0xx_it.c:203:6:TIM3_IRQHandler	8	static
../Core/Src/stm32g0xx_it.c:217:6:I2C1_IRQHandler	8	static
